// Jest Snapshot v1, https://goo.gl/fbAQLP

exports[`Countries renders component correctly 1`] = `
<div>
  <div
    class="main"
  >
    <img
      alt="worls map"
      class="logo"
      src="worldM.png"
    />
    <h1
      class="title"
    >
      All Countries
    </h1>
    <div
      class="dropdownMenu"
    >
      <select
        class="select"
        id="continents"
        name="continents"
      >
        <option
          value="all"
        >
          All
        </option>
        <option
          value="Antarctica"
        >
          Antarctica
        </option>
        <option
          value="Africa"
        >
          Africa
        </option>
        <option
          value="Asia"
        >
          Asia
        </option>
        <option
          value="Europe"
        >
          Europe
        </option>
        <option
          value="Oceania"
        >
          Oceania
        </option>
        <option
          value="South America"
        >
          South America
        </option>
        <option
          value="North America"
        >
          North America
        </option>
      </select>
    </div>
    <ul
      class="countries"
    />
  </div>
</div>
`;
